1148-7521148-7521148-7521148-7521148-7521148-7521148-7521148-7521148-7521148-752
